---
source: src/highlighting/syntax.rs
expression: "cfg.highlight(\"zap2 -vf json -x cmd arg1\")?"
---
zap2 -vf json -x cmd arg1

0   4   `zap2`       CALLABLE `zap2`
4   6   ` -`         punctuation.definition.parameter
6   8   `vf`         variable.parameter.option
9   13  `json`       CALLABLE `json`
13  15  ` -`         punctuation.definition.parameter
15  16  `x`          variable.parameter.option
16  25  ` cmd arg1`  meta.function-call.arguments
