---
source: src/highlighting/syntax.rs
expression: "cfg.highlight(\"sudo2 -h && ls\")?"
---
sudo2 -h && ls

0   5   `sudo2`  CALLABLE `sudo2`
5   7   ` -`     punctuation.definition.parameter
7   8   `h`      variable.parameter.option
9   11  `&&`     keyword.operator.logical.and
12  14  `ls`     CALLABLE `ls`
